// Jest Snapshot v1, https://goo.gl/fbAQLP

exports[`renders correctly 1`] = `
<View
  style={
    Object {
      "alignItems": "stretch",
      "flex": 1,
      "flexDirection": "column",
      "justifyContent": "center",
    }
  }
>
  <View
    style={
      Array [
        Object {
          "backgroundColor": "#ffffff",
          "paddingLeft": 5,
          "paddingRight": 5,
        },
        undefined,
      ]
    }
  >
    <View>
      <View
        style={
          Object {
            "alignItems": "center",
            "flexDirection": "row",
            "justifyContent": "space-between",
            "paddingLeft": 10,
            "paddingRight": 10,
          }
        }
      >
        <View
          accessible={true}
          hitSlop={
            Object {
              "bottom": 20,
              "left": 20,
              "right": 20,
              "top": 20,
            }
          }
          isTVSelectable={true}
          onResponderGrant={[Function]}
          onResponderMove={[Function]}
          onResponderRelease={[Function]}
          onResponderTerminate={[Function]}
          onResponderTerminationRequest={[Function]}
          onStartShouldSetResponder={[Function]}
          style={
            Object {
              "opacity": 1,
              "padding": 10,
            }
          }
          testID="native.calendar.CHANGE_MONTH_LEFT_ARROW"
        >
          <Image
            source={
              Object {
                "testUri": "../../react-native-calendars/src/calendar/img/previous.png",
              }
            }
            style={
              Object {
                "tintColor": "#00adf5",
              }
            }
          />
        </View>
        <View
          style={
            Object {
              "flexDirection": "row",
            }
          }
        >
          <Text
            accessibilityTraits="header"
            accessible={true}
            allowFontScaling={false}
            ellipsizeMode="tail"
            style={
              Object {
                "color": "#2d4150",
                "fontFamily": "System",
                "fontSize": 16,
                "fontWeight": "300",
                "margin": 10,
              }
            }
          >
            October 2018
          </Text>
        </View>
        <View
          accessible={true}
          hitSlop={
            Object {
              "bottom": 20,
              "left": 20,
              "right": 20,
              "top": 20,
            }
          }
          isTVSelectable={true}
          onResponderGrant={[Function]}
          onResponderMove={[Function]}
          onResponderRelease={[Function]}
          onResponderTerminate={[Function]}
          onResponderTerminationRequest={[Function]}
          onStartShouldSetResponder={[Function]}
          style={
            Object {
              "opacity": 1,
              "padding": 10,
            }
          }
          testID="native.calendar.CHANGE_MONTH_RIGHT_ARROW"
        >
          <Image
            source={
              Object {
                "testUri": "../../react-native-calendars/src/calendar/img/next.png",
              }
            }
            style={
              Object {
                "tintColor": "#00adf5",
              }
            }
          />
        </View>
      </View>
    </View>
    <View
      style={
        Object {
          "backgroundColor": "#ffffff",
        }
      }
    >
      <View
        style={
          Object {
            "flexDirection": "row",
            "justifyContent": "space-around",
            "marginBottom": 7,
            "marginTop": 7,
          }
        }
      >
        <View
          accessible={true}
          isTVSelectable={true}
          onResponderGrant={[Function]}
          onResponderMove={[Function]}
          onResponderRelease={[Function]}
          onResponderTerminate={[Function]}
          onResponderTerminationRequest={[Function]}
          onStartShouldSetResponder={[Function]}
          style={
            Object {
              "alignItems": "center",
              "height": 32,
              "opacity": 1,
              "width": 32,
            }
          }
        >
          <Text
            accessible={true}
            allowFontScaling={false}
            ellipsizeMode="tail"
            style={
              Array [
                Object {
                  "backgroundColor": "rgba(255, 255, 255, 0)",
                  "color": "#2d4150",
                  "fontFamily": "System",
                  "fontSize": 16,
                  "fontWeight": "300",
                  "marginTop": 6,
                },
                Object {
                  "color": "#d9e1e8",
                },
              ]
            }
          >
            40
          </Text>
        </View>
        <View
          style={
            Object {
              "alignItems": "center",
              "flex": 1,
            }
          }
        >
          <View
            accessible={true}
            isTVSelectable={true}
            onResponderGrant={[Function]}
            onResponderMove={[Function]}
            onResponderRelease={[Function]}
            onResponderTerminate={[Function]}
            onResponderTerminationRequest={[Function]}
            onStartShouldSetResponder={[Function]}
            style={
              Object {
                "alignItems": "center",
                "height": 32,
                "opacity": 1,
                "width": 32,
              }
            }
          >
            <Text
              accessible={true}
              allowFontScaling={false}
              ellipsizeMode="tail"
              style={
                Array [
                  Object {
                    "backgroundColor": "rgba(255, 255, 255, 0)",
                    "color": "#2d4150",
                    "fontFamily": "System",
                    "fontSize": 16,
                    "fontWeight": "300",
                    "marginTop": 6,
                  },
                ]
              }
            >
              1
            </Text>
          </View>
        </View>
        <View
          style={
            Object {
              "alignItems": "center",
              "flex": 1,
            }
          }
        >
          <View
            accessible={true}
            isTVSelectable={true}
            onResponderGrant={[Function]}
            onResponderMove={[Function]}
            onResponderRelease={[Function]}
            onResponderTerminate={[Function]}
            onResponderTerminationRequest={[Function]}
            onStartShouldSetResponder={[Function]}
            style={
              Object {
                "alignItems": "center",
                "height": 32,
                "opacity": 1,
                "width": 32,
              }
            }
          >
            <Text
              accessible={true}
              allowFontScaling={false}
              ellipsizeMode="tail"
              style={
                Array [
                  Object {
                    "backgroundColor": "rgba(255, 255, 255, 0)",
                    "color": "#2d4150",
                    "fontFamily": "System",
                    "fontSize": 16,
                    "fontWeight": "300",
                    "marginTop": 6,
                  },
                ]
              }
            >
              2
            </Text>
          </View>
        </View>
        <View
          style={
            Object {
              "alignItems": "center",
              "flex": 1,
            }
          }
        >
          <View
            accessible={true}
            isTVSelectable={true}
            onResponderGrant={[Function]}
            onResponderMove={[Function]}
            onResponderRelease={[Function]}
            onResponderTerminate={[Function]}
            onResponderTerminationRequest={[Function]}
            onStartShouldSetResponder={[Function]}
            style={
              Object {
                "alignItems": "center",
                "height": 32,
                "opacity": 1,
                "width": 32,
              }
            }
          >
            <Text
              accessible={true}
              allowFontScaling={false}
              ellipsizeMode="tail"
              style={
                Array [
                  Object {
                    "backgroundColor": "rgba(255, 255, 255, 0)",
                    "color": "#2d4150",
                    "fontFamily": "System",
                    "fontSize": 16,
                    "fontWeight": "300",
                    "marginTop": 6,
                  },
                ]
              }
            >
              3
            </Text>
          </View>
        </View>
        <View
          style={
            Object {
              "alignItems": "center",
              "flex": 1,
            }
          }
        >
          <View
            accessible={true}
            isTVSelectable={true}
            onResponderGrant={[Function]}
            onResponderMove={[Function]}
            onResponderRelease={[Function]}
            onResponderTerminate={[Function]}
            onResponderTerminationRequest={[Function]}
            onStartShouldSetResponder={[Function]}
            style={
              Object {
                "alignItems": "center",
                "height": 32,
                "opacity": 1,
                "width": 32,
              }
            }
          >
            <Text
              accessible={true}
              allowFontScaling={false}
              ellipsizeMode="tail"
              style={
                Array [
                  Object {
                    "backgroundColor": "rgba(255, 255, 255, 0)",
                    "color": "#2d4150",
                    "fontFamily": "System",
                    "fontSize": 16,
                    "fontWeight": "300",
                    "marginTop": 6,
                  },
                ]
              }
            >
              4
            </Text>
          </View>
        </View>
        <View
          style={
            Object {
              "alignItems": "center",
              "flex": 1,
            }
          }
        >
          <View
            accessible={true}
            isTVSelectable={true}
            onResponderGrant={[Function]}
            onResponderMove={[Function]}
            onResponderRelease={[Function]}
            onResponderTerminate={[Function]}
            onResponderTerminationRequest={[Function]}
            onStartShouldSetResponder={[Function]}
            style={
              Object {
                "alignItems": "center",
                "height": 32,
                "opacity": 1,
                "width": 32,
              }
            }
          >
            <Text
              accessible={true}
              allowFontScaling={false}
              ellipsizeMode="tail"
              style={
                Array [
                  Object {
                    "backgroundColor": "rgba(255, 255, 255, 0)",
                    "color": "#2d4150",
                    "fontFamily": "System",
                    "fontSize": 16,
                    "fontWeight": "300",
                    "marginTop": 6,
                  },
                ]
              }
            >
              5
            </Text>
          </View>
        </View>
        <View
          style={
            Object {
              "alignItems": "center",
              "flex": 1,
            }
          }
        >
          <View
            accessible={true}
            isTVSelectable={true}
            onResponderGrant={[Function]}
            onResponderMove={[Function]}
            onResponderRelease={[Function]}
            onResponderTerminate={[Function]}
            onResponderTerminationRequest={[Function]}
            onStartShouldSetResponder={[Function]}
            style={
              Object {
                "alignItems": "center",
                "height": 32,
                "opacity": 1,
                "width": 32,
              }
            }
          >
            <Text
              accessible={true}
              allowFontScaling={false}
              ellipsizeMode="tail"
              style={
                Array [
                  Object {
                    "backgroundColor": "rgba(255, 255, 255, 0)",
                    "color": "#2d4150",
                    "fontFamily": "System",
                    "fontSize": 16,
                    "fontWeight": "300",
                    "marginTop": 6,
                  },
                ]
              }
            >
              6
            </Text>
          </View>
        </View>
        <View
          style={
            Object {
              "alignItems": "center",
              "flex": 1,
            }
          }
        >
          <View
            accessible={true}
            isTVSelectable={true}
            onResponderGrant={[Function]}
            onResponderMove={[Function]}
            onResponderRelease={[Function]}
            onResponderTerminate={[Function]}
            onResponderTerminationRequest={[Function]}
            onStartShouldSetResponder={[Function]}
            style={
              Object {
                "alignItems": "center",
                "height": 32,
                "opacity": 1,
                "width": 32,
              }
            }
          >
            <Text
              accessible={true}
              allowFontScaling={false}
              ellipsizeMode="tail"
              style={
                Array [
                  Object {
                    "backgroundColor": "rgba(255, 255, 255, 0)",
                    "color": "#2d4150",
                    "fontFamily": "System",
                    "fontSize": 16,
                    "fontWeight": "300",
                    "marginTop": 6,
                  },
                ]
              }
            >
              7
            </Text>
          </View>
        </View>
      </View>
      <View
        style={
          Object {
            "flexDirection": "row",
            "justifyContent": "space-around",
            "marginBottom": 7,
            "marginTop": 7,
          }
        }
      >
        <View
          accessible={true}
          isTVSelectable={true}
          onResponderGrant={[Function]}
          onResponderMove={[Function]}
          onResponderRelease={[Function]}
          onResponderTerminate={[Function]}
          onResponderTerminationRequest={[Function]}
          onStartShouldSetResponder={[Function]}
          style={
            Object {
              "alignItems": "center",
              "height": 32,
              "opacity": 1,
              "width": 32,
            }
          }
        >
          <Text
            accessible={true}
            allowFontScaling={false}
            ellipsizeMode="tail"
            style={
              Array [
                Object {
                  "backgroundColor": "rgba(255, 255, 255, 0)",
                  "color": "#2d4150",
                  "fontFamily": "System",
                  "fontSize": 16,
                  "fontWeight": "300",
                  "marginTop": 6,
                },
                Object {
                  "color": "#d9e1e8",
                },
              ]
            }
          >
            41
          </Text>
        </View>
        <View
          style={
            Object {
              "alignItems": "center",
              "flex": 1,
            }
          }
        >
          <View
            accessible={true}
            isTVSelectable={true}
            onResponderGrant={[Function]}
            onResponderMove={[Function]}
            onResponderRelease={[Function]}
            onResponderTerminate={[Function]}
            onResponderTerminationRequest={[Function]}
            onStartShouldSetResponder={[Function]}
            style={
              Object {
                "alignItems": "center",
                "height": 32,
                "opacity": 1,
                "width": 32,
              }
            }
          >
            <Text
              accessible={true}
              allowFontScaling={false}
              ellipsizeMode="tail"
              style={
                Array [
                  Object {
                    "backgroundColor": "rgba(255, 255, 255, 0)",
                    "color": "#2d4150",
                    "fontFamily": "System",
                    "fontSize": 16,
                    "fontWeight": "300",
                    "marginTop": 6,
                  },
                ]
              }
            >
              8
            </Text>
          </View>
        </View>
        <View
          style={
            Object {
              "alignItems": "center",
              "flex": 1,
            }
          }
        >
          <View
            accessible={true}
            isTVSelectable={true}
            onResponderGrant={[Function]}
            onResponderMove={[Function]}
            onResponderRelease={[Function]}
            onResponderTerminate={[Function]}
            onResponderTerminationRequest={[Function]}
            onStartShouldSetResponder={[Function]}
            style={
              Object {
                "alignItems": "center",
                "height": 32,
                "opacity": 1,
                "width": 32,
              }
            }
          >
            <Text
              accessible={true}
              allowFontScaling={false}
              ellipsizeMode="tail"
              style={
                Array [
                  Object {
                    "backgroundColor": "rgba(255, 255, 255, 0)",
                    "color": "#2d4150",
                    "fontFamily": "System",
                    "fontSize": 16,
                    "fontWeight": "300",
                    "marginTop": 6,
                  },
                ]
              }
            >
              9
            </Text>
          </View>
        </View>
        <View
          style={
            Object {
              "alignItems": "center",
              "flex": 1,
            }
          }
        >
          <View
            accessible={true}
            isTVSelectable={true}
            onResponderGrant={[Function]}
            onResponderMove={[Function]}
            onResponderRelease={[Function]}
            onResponderTerminate={[Function]}
            onResponderTerminationRequest={[Function]}
            onStartShouldSetResponder={[Function]}
            style={
              Object {
                "alignItems": "center",
                "height": 32,
                "opacity": 1,
                "width": 32,
              }
            }
          >
            <Text
              accessible={true}
              allowFontScaling={false}
              ellipsizeMode="tail"
              style={
                Array [
                  Object {
                    "backgroundColor": "rgba(255, 255, 255, 0)",
                    "color": "#2d4150",
                    "fontFamily": "System",
                    "fontSize": 16,
                    "fontWeight": "300",
                    "marginTop": 6,
                  },
                ]
              }
            >
              10
            </Text>
          </View>
        </View>
        <View
          style={
            Object {
              "alignItems": "center",
              "flex": 1,
            }
          }
        >
          <View
            accessible={true}
            isTVSelectable={true}
            onResponderGrant={[Function]}
            onResponderMove={[Function]}
            onResponderRelease={[Function]}
            onResponderTerminate={[Function]}
            onResponderTerminationRequest={[Function]}
            onStartShouldSetResponder={[Function]}
            style={
              Object {
                "alignItems": "center",
                "height": 32,
                "opacity": 1,
                "width": 32,
              }
            }
          >
            <Text
              accessible={true}
              allowFontScaling={false}
              ellipsizeMode="tail"
              style={
                Array [
                  Object {
                    "backgroundColor": "rgba(255, 255, 255, 0)",
                    "color": "#2d4150",
                    "fontFamily": "System",
                    "fontSize": 16,
                    "fontWeight": "300",
                    "marginTop": 6,
                  },
                ]
              }
            >
              11
            </Text>
          </View>
        </View>
        <View
          style={
            Object {
              "alignItems": "center",
              "flex": 1,
            }
          }
        >
          <View
            accessible={true}
            isTVSelectable={true}
            onResponderGrant={[Function]}
            onResponderMove={[Function]}
            onResponderRelease={[Function]}
            onResponderTerminate={[Function]}
            onResponderTerminationRequest={[Function]}
            onStartShouldSetResponder={[Function]}
            style={
              Object {
                "alignItems": "center",
                "height": 32,
                "opacity": 1,
                "width": 32,
              }
            }
          >
            <Text
              accessible={true}
              allowFontScaling={false}
              ellipsizeMode="tail"
              style={
                Array [
                  Object {
                    "backgroundColor": "rgba(255, 255, 255, 0)",
                    "color": "#2d4150",
                    "fontFamily": "System",
                    "fontSize": 16,
                    "fontWeight": "300",
                    "marginTop": 6,
                  },
                ]
              }
            >
              12
            </Text>
          </View>
        </View>
        <View
          style={
            Object {
              "alignItems": "center",
              "flex": 1,
            }
          }
        >
          <View
            accessible={true}
            isTVSelectable={true}
            onResponderGrant={[Function]}
            onResponderMove={[Function]}
            onResponderRelease={[Function]}
            onResponderTerminate={[Function]}
            onResponderTerminationRequest={[Function]}
            onStartShouldSetResponder={[Function]}
            style={
              Object {
                "alignItems": "center",
                "height": 32,
                "opacity": 1,
                "width": 32,
              }
            }
          >
            <Text
              accessible={true}
              allowFontScaling={false}
              ellipsizeMode="tail"
              style={
                Array [
                  Object {
                    "backgroundColor": "rgba(255, 255, 255, 0)",
                    "color": "#2d4150",
                    "fontFamily": "System",
                    "fontSize": 16,
                    "fontWeight": "300",
                    "marginTop": 6,
                  },
                ]
              }
            >
              13
            </Text>
          </View>
        </View>
        <View
          style={
            Object {
              "alignItems": "center",
              "flex": 1,
            }
          }
        >
          <View
            accessible={true}
            isTVSelectable={true}
            onResponderGrant={[Function]}
            onResponderMove={[Function]}
            onResponderRelease={[Function]}
            onResponderTerminate={[Function]}
            onResponderTerminationRequest={[Function]}
            onStartShouldSetResponder={[Function]}
            style={
              Object {
                "alignItems": "center",
                "height": 32,
                "opacity": 1,
                "width": 32,
              }
            }
          >
            <Text
              accessible={true}
              allowFontScaling={false}
              ellipsizeMode="tail"
              style={
                Array [
                  Object {
                    "backgroundColor": "rgba(255, 255, 255, 0)",
                    "color": "#2d4150",
                    "fontFamily": "System",
                    "fontSize": 16,
                    "fontWeight": "300",
                    "marginTop": 6,
                  },
                ]
              }
            >
              14
            </Text>
          </View>
        </View>
      </View>
      <View
        style={
          Object {
            "flexDirection": "row",
            "justifyContent": "space-around",
            "marginBottom": 7,
            "marginTop": 7,
          }
        }
      >
        <View
          accessible={true}
          isTVSelectable={true}
          onResponderGrant={[Function]}
          onResponderMove={[Function]}
          onResponderRelease={[Function]}
          onResponderTerminate={[Function]}
          onResponderTerminationRequest={[Function]}
          onStartShouldSetResponder={[Function]}
          style={
            Object {
              "alignItems": "center",
              "height": 32,
              "opacity": 1,
              "width": 32,
            }
          }
        >
          <Text
            accessible={true}
            allowFontScaling={false}
            ellipsizeMode="tail"
            style={
              Array [
                Object {
                  "backgroundColor": "rgba(255, 255, 255, 0)",
                  "color": "#2d4150",
                  "fontFamily": "System",
                  "fontSize": 16,
                  "fontWeight": "300",
                  "marginTop": 6,
                },
                Object {
                  "color": "#d9e1e8",
                },
              ]
            }
          >
            42
          </Text>
        </View>
        <View
          style={
            Object {
              "alignItems": "center",
              "flex": 1,
            }
          }
        >
          <View
            accessible={true}
            isTVSelectable={true}
            onResponderGrant={[Function]}
            onResponderMove={[Function]}
            onResponderRelease={[Function]}
            onResponderTerminate={[Function]}
            onResponderTerminationRequest={[Function]}
            onStartShouldSetResponder={[Function]}
            style={
              Object {
                "alignItems": "center",
                "height": 32,
                "opacity": 1,
                "width": 32,
              }
            }
          >
            <Text
              accessible={true}
              allowFontScaling={false}
              ellipsizeMode="tail"
              style={
                Array [
                  Object {
                    "backgroundColor": "rgba(255, 255, 255, 0)",
                    "color": "#2d4150",
                    "fontFamily": "System",
                    "fontSize": 16,
                    "fontWeight": "300",
                    "marginTop": 6,
                  },
                ]
              }
            >
              15
            </Text>
          </View>
        </View>
        <View
          style={
            Object {
              "alignItems": "center",
              "flex": 1,
            }
          }
        >
          <View
            accessible={true}
            isTVSelectable={true}
            onResponderGrant={[Function]}
            onResponderMove={[Function]}
            onResponderRelease={[Function]}
            onResponderTerminate={[Function]}
            onResponderTerminationRequest={[Function]}
            onStartShouldSetResponder={[Function]}
            style={
              Object {
                "alignItems": "center",
                "height": 32,
                "opacity": 1,
                "width": 32,
              }
            }
          >
            <Text
              accessible={true}
              allowFontScaling={false}
              ellipsizeMode="tail"
              style={
                Array [
                  Object {
                    "backgroundColor": "rgba(255, 255, 255, 0)",
                    "color": "#2d4150",
                    "fontFamily": "System",
                    "fontSize": 16,
                    "fontWeight": "300",
                    "marginTop": 6,
                  },
                ]
              }
            >
              16
            </Text>
          </View>
        </View>
        <View
          style={
            Object {
              "alignItems": "center",
              "flex": 1,
            }
          }
        >
          <View
            accessible={true}
            isTVSelectable={true}
            onResponderGrant={[Function]}
            onResponderMove={[Function]}
            onResponderRelease={[Function]}
            onResponderTerminate={[Function]}
            onResponderTerminationRequest={[Function]}
            onStartShouldSetResponder={[Function]}
            style={
              Object {
                "alignItems": "center",
                "height": 32,
                "opacity": 1,
                "width": 32,
              }
            }
          >
            <Text
              accessible={true}
              allowFontScaling={false}
              ellipsizeMode="tail"
              style={
                Array [
                  Object {
                    "backgroundColor": "rgba(255, 255, 255, 0)",
                    "color": "#2d4150",
                    "fontFamily": "System",
                    "fontSize": 16,
                    "fontWeight": "300",
                    "marginTop": 6,
                  },
                ]
              }
            >
              17
            </Text>
          </View>
        </View>
        <View
          style={
            Object {
              "alignItems": "center",
              "flex": 1,
            }
          }
        >
          <View
            accessible={true}
            isTVSelectable={true}
            onResponderGrant={[Function]}
            onResponderMove={[Function]}
            onResponderRelease={[Function]}
            onResponderTerminate={[Function]}
            onResponderTerminationRequest={[Function]}
            onStartShouldSetResponder={[Function]}
            style={
              Object {
                "alignItems": "center",
                "height": 32,
                "opacity": 1,
                "width": 32,
              }
            }
          >
            <Text
              accessible={true}
              allowFontScaling={false}
              ellipsizeMode="tail"
              style={
                Array [
                  Object {
                    "backgroundColor": "rgba(255, 255, 255, 0)",
                    "color": "#2d4150",
                    "fontFamily": "System",
                    "fontSize": 16,
                    "fontWeight": "300",
                    "marginTop": 6,
                  },
                ]
              }
            >
              18
            </Text>
          </View>
        </View>
        <View
          style={
            Object {
              "alignItems": "center",
              "flex": 1,
            }
          }
        >
          <View
            accessible={true}
            isTVSelectable={true}
            onResponderGrant={[Function]}
            onResponderMove={[Function]}
            onResponderRelease={[Function]}
            onResponderTerminate={[Function]}
            onResponderTerminationRequest={[Function]}
            onStartShouldSetResponder={[Function]}
            style={
              Object {
                "alignItems": "center",
                "backgroundColor": undefined,
                "height": 32,
                "opacity": 1,
                "width": 32,
              }
            }
          >
            <Text
              accessible={true}
              allowFontScaling={false}
              ellipsizeMode="tail"
              style={
                Array [
                  Object {
                    "backgroundColor": "rgba(255, 255, 255, 0)",
                    "color": "#2d4150",
                    "fontFamily": "System",
                    "fontSize": 16,
                    "fontWeight": "300",
                    "marginTop": 6,
                  },
                  Object {
                    "color": "#00adf5",
                  },
                ]
              }
            >
              19
            </Text>
          </View>
        </View>
        <View
          style={
            Object {
              "alignItems": "center",
              "flex": 1,
            }
          }
        >
          <View
            accessible={true}
            isTVSelectable={true}
            onResponderGrant={[Function]}
            onResponderMove={[Function]}
            onResponderRelease={[Function]}
            onResponderTerminate={[Function]}
            onResponderTerminationRequest={[Function]}
            onStartShouldSetResponder={[Function]}
            style={
              Object {
                "alignItems": "center",
                "height": 32,
                "opacity": 1,
                "width": 32,
              }
            }
          >
            <Text
              accessible={true}
              allowFontScaling={false}
              ellipsizeMode="tail"
              style={
                Array [
                  Object {
                    "backgroundColor": "rgba(255, 255, 255, 0)",
                    "color": "#2d4150",
                    "fontFamily": "System",
                    "fontSize": 16,
                    "fontWeight": "300",
                    "marginTop": 6,
                  },
                ]
              }
            >
              20
            </Text>
          </View>
        </View>
        <View
          style={
            Object {
              "alignItems": "center",
              "flex": 1,
            }
          }
        >
          <View
            accessible={true}
            isTVSelectable={true}
            onResponderGrant={[Function]}
            onResponderMove={[Function]}
            onResponderRelease={[Function]}
            onResponderTerminate={[Function]}
            onResponderTerminationRequest={[Function]}
            onStartShouldSetResponder={[Function]}
            style={
              Object {
                "alignItems": "center",
                "height": 32,
                "opacity": 1,
                "width": 32,
              }
            }
          >
            <Text
              accessible={true}
              allowFontScaling={false}
              ellipsizeMode="tail"
              style={
                Array [
                  Object {
                    "backgroundColor": "rgba(255, 255, 255, 0)",
                    "color": "#2d4150",
                    "fontFamily": "System",
                    "fontSize": 16,
                    "fontWeight": "300",
                    "marginTop": 6,
                  },
                ]
              }
            >
              21
            </Text>
          </View>
        </View>
      </View>
      <View
        style={
          Object {
            "flexDirection": "row",
            "justifyContent": "space-around",
            "marginBottom": 7,
            "marginTop": 7,
          }
        }
      >
        <View
          accessible={true}
          isTVSelectable={true}
          onResponderGrant={[Function]}
          onResponderMove={[Function]}
          onResponderRelease={[Function]}
          onResponderTerminate={[Function]}
          onResponderTerminationRequest={[Function]}
          onStartShouldSetResponder={[Function]}
          style={
            Object {
              "alignItems": "center",
              "height": 32,
              "opacity": 1,
              "width": 32,
            }
          }
        >
          <Text
            accessible={true}
            allowFontScaling={false}
            ellipsizeMode="tail"
            style={
              Array [
                Object {
                  "backgroundColor": "rgba(255, 255, 255, 0)",
                  "color": "#2d4150",
                  "fontFamily": "System",
                  "fontSize": 16,
                  "fontWeight": "300",
                  "marginTop": 6,
                },
                Object {
                  "color": "#d9e1e8",
                },
              ]
            }
          >
            43
          </Text>
        </View>
        <View
          style={
            Object {
              "alignItems": "center",
              "flex": 1,
            }
          }
        >
          <View
            accessible={true}
            isTVSelectable={true}
            onResponderGrant={[Function]}
            onResponderMove={[Function]}
            onResponderRelease={[Function]}
            onResponderTerminate={[Function]}
            onResponderTerminationRequest={[Function]}
            onStartShouldSetResponder={[Function]}
            style={
              Object {
                "alignItems": "center",
                "height": 32,
                "opacity": 1,
                "width": 32,
              }
            }
          >
            <Text
              accessible={true}
              allowFontScaling={false}
              ellipsizeMode="tail"
              style={
                Array [
                  Object {
                    "backgroundColor": "rgba(255, 255, 255, 0)",
                    "color": "#2d4150",
                    "fontFamily": "System",
                    "fontSize": 16,
                    "fontWeight": "300",
                    "marginTop": 6,
                  },
                ]
              }
            >
              22
            </Text>
          </View>
        </View>
        <View
          style={
            Object {
              "alignItems": "center",
              "flex": 1,
            }
          }
        >
          <View
            accessible={true}
            isTVSelectable={true}
            onResponderGrant={[Function]}
            onResponderMove={[Function]}
            onResponderRelease={[Function]}
            onResponderTerminate={[Function]}
            onResponderTerminationRequest={[Function]}
            onStartShouldSetResponder={[Function]}
            style={
              Object {
                "alignItems": "center",
                "height": 32,
                "opacity": 1,
                "width": 32,
              }
            }
          >
            <Text
              accessible={true}
              allowFontScaling={false}
              ellipsizeMode="tail"
              style={
                Array [
                  Object {
                    "backgroundColor": "rgba(255, 255, 255, 0)",
                    "color": "#2d4150",
                    "fontFamily": "System",
                    "fontSize": 16,
                    "fontWeight": "300",
                    "marginTop": 6,
                  },
                ]
              }
            >
              23
            </Text>
          </View>
        </View>
        <View
          style={
            Object {
              "alignItems": "center",
              "flex": 1,
            }
          }
        >
          <View
            accessible={true}
            isTVSelectable={true}
            onResponderGrant={[Function]}
            onResponderMove={[Function]}
            onResponderRelease={[Function]}
            onResponderTerminate={[Function]}
            onResponderTerminationRequest={[Function]}
            onStartShouldSetResponder={[Function]}
            style={
              Object {
                "alignItems": "center",
                "height": 32,
                "opacity": 1,
                "width": 32,
              }
            }
          >
            <Text
              accessible={true}
              allowFontScaling={false}
              ellipsizeMode="tail"
              style={
                Array [
                  Object {
                    "backgroundColor": "rgba(255, 255, 255, 0)",
                    "color": "#2d4150",
                    "fontFamily": "System",
                    "fontSize": 16,
                    "fontWeight": "300",
                    "marginTop": 6,
                  },
                ]
              }
            >
              24
            </Text>
          </View>
        </View>
        <View
          style={
            Object {
              "alignItems": "center",
              "flex": 1,
            }
          }
        >
          <View
            accessible={true}
            isTVSelectable={true}
            onResponderGrant={[Function]}
            onResponderMove={[Function]}
            onResponderRelease={[Function]}
            onResponderTerminate={[Function]}
            onResponderTerminationRequest={[Function]}
            onStartShouldSetResponder={[Function]}
            style={
              Object {
                "alignItems": "center",
                "height": 32,
                "opacity": 1,
                "width": 32,
              }
            }
          >
            <Text
              accessible={true}
              allowFontScaling={false}
              ellipsizeMode="tail"
              style={
                Array [
                  Object {
                    "backgroundColor": "rgba(255, 255, 255, 0)",
                    "color": "#2d4150",
                    "fontFamily": "System",
                    "fontSize": 16,
                    "fontWeight": "300",
                    "marginTop": 6,
                  },
                ]
              }
            >
              25
            </Text>
          </View>
        </View>
        <View
          style={
            Object {
              "alignItems": "center",
              "flex": 1,
            }
          }
        >
          <View
            accessible={true}
            isTVSelectable={true}
            onResponderGrant={[Function]}
            onResponderMove={[Function]}
            onResponderRelease={[Function]}
            onResponderTerminate={[Function]}
            onResponderTerminationRequest={[Function]}
            onStartShouldSetResponder={[Function]}
            style={
              Object {
                "alignItems": "center",
                "height": 32,
                "opacity": 1,
                "width": 32,
              }
            }
          >
            <Text
              accessible={true}
              allowFontScaling={false}
              ellipsizeMode="tail"
              style={
                Array [
                  Object {
                    "backgroundColor": "rgba(255, 255, 255, 0)",
                    "color": "#2d4150",
                    "fontFamily": "System",
                    "fontSize": 16,
                    "fontWeight": "300",
                    "marginTop": 6,
                  },
                ]
              }
            >
              26
            </Text>
          </View>
        </View>
        <View
          style={
            Object {
              "alignItems": "center",
              "flex": 1,
            }
          }
        >
          <View
            accessible={true}
            isTVSelectable={true}
            onResponderGrant={[Function]}
            onResponderMove={[Function]}
            onResponderRelease={[Function]}
            onResponderTerminate={[Function]}
            onResponderTerminationRequest={[Function]}
            onStartShouldSetResponder={[Function]}
            style={
              Object {
                "alignItems": "center",
                "height": 32,
                "opacity": 1,
                "width": 32,
              }
            }
          >
            <Text
              accessible={true}
              allowFontScaling={false}
              ellipsizeMode="tail"
              style={
                Array [
                  Object {
                    "backgroundColor": "rgba(255, 255, 255, 0)",
                    "color": "#2d4150",
                    "fontFamily": "System",
                    "fontSize": 16,
                    "fontWeight": "300",
                    "marginTop": 6,
                  },
                ]
              }
            >
              27
            </Text>
          </View>
        </View>
        <View
          style={
            Object {
              "alignItems": "center",
              "flex": 1,
            }
          }
        >
          <View
            accessible={true}
            isTVSelectable={true}
            onResponderGrant={[Function]}
            onResponderMove={[Function]}
            onResponderRelease={[Function]}
            onResponderTerminate={[Function]}
            onResponderTerminationRequest={[Function]}
            onStartShouldSetResponder={[Function]}
            style={
              Object {
                "alignItems": "center",
                "height": 32,
                "opacity": 1,
                "width": 32,
              }
            }
          >
            <Text
              accessible={true}
              allowFontScaling={false}
              ellipsizeMode="tail"
              style={
                Array [
                  Object {
                    "backgroundColor": "rgba(255, 255, 255, 0)",
                    "color": "#2d4150",
                    "fontFamily": "System",
                    "fontSize": 16,
                    "fontWeight": "300",
                    "marginTop": 6,
                  },
                ]
              }
            >
              28
            </Text>
          </View>
        </View>
      </View>
      <View
        style={
          Object {
            "flexDirection": "row",
            "justifyContent": "space-around",
            "marginBottom": 7,
            "marginTop": 7,
          }
        }
      >
        <View
          accessible={true}
          isTVSelectable={true}
          onResponderGrant={[Function]}
          onResponderMove={[Function]}
          onResponderRelease={[Function]}
          onResponderTerminate={[Function]}
          onResponderTerminationRequest={[Function]}
          onStartShouldSetResponder={[Function]}
          style={
            Object {
              "alignItems": "center",
              "height": 32,
              "opacity": 1,
              "width": 32,
            }
          }
        >
          <Text
            accessible={true}
            allowFontScaling={false}
            ellipsizeMode="tail"
            style={
              Array [
                Object {
                  "backgroundColor": "rgba(255, 255, 255, 0)",
                  "color": "#2d4150",
                  "fontFamily": "System",
                  "fontSize": 16,
                  "fontWeight": "300",
                  "marginTop": 6,
                },
                Object {
                  "color": "#d9e1e8",
                },
              ]
            }
          >
            44
          </Text>
        </View>
        <View
          style={
            Object {
              "alignItems": "center",
              "flex": 1,
            }
          }
        >
          <View
            accessible={true}
            isTVSelectable={true}
            onResponderGrant={[Function]}
            onResponderMove={[Function]}
            onResponderRelease={[Function]}
            onResponderTerminate={[Function]}
            onResponderTerminationRequest={[Function]}
            onStartShouldSetResponder={[Function]}
            style={
              Object {
                "alignItems": "center",
                "height": 32,
                "opacity": 1,
                "width": 32,
              }
            }
          >
            <Text
              accessible={true}
              allowFontScaling={false}
              ellipsizeMode="tail"
              style={
                Array [
                  Object {
                    "backgroundColor": "rgba(255, 255, 255, 0)",
                    "color": "#2d4150",
                    "fontFamily": "System",
                    "fontSize": 16,
                    "fontWeight": "300",
                    "marginTop": 6,
                  },
                ]
              }
            >
              29
            </Text>
          </View>
        </View>
        <View
          style={
            Object {
              "alignItems": "center",
              "flex": 1,
            }
          }
        >
          <View
            accessible={true}
            isTVSelectable={true}
            onResponderGrant={[Function]}
            onResponderMove={[Function]}
            onResponderRelease={[Function]}
            onResponderTerminate={[Function]}
            onResponderTerminationRequest={[Function]}
            onStartShouldSetResponder={[Function]}
            style={
              Object {
                "alignItems": "center",
                "height": 32,
                "opacity": 1,
                "width": 32,
              }
            }
          >
            <Text
              accessible={true}
              allowFontScaling={false}
              ellipsizeMode="tail"
              style={
                Array [
                  Object {
                    "backgroundColor": "rgba(255, 255, 255, 0)",
                    "color": "#2d4150",
                    "fontFamily": "System",
                    "fontSize": 16,
                    "fontWeight": "300",
                    "marginTop": 6,
                  },
                ]
              }
            >
              30
            </Text>
          </View>
        </View>
        <View
          style={
            Object {
              "alignItems": "center",
              "flex": 1,
            }
          }
        >
          <View
            accessible={true}
            isTVSelectable={true}
            onResponderGrant={[Function]}
            onResponderMove={[Function]}
            onResponderRelease={[Function]}
            onResponderTerminate={[Function]}
            onResponderTerminationRequest={[Function]}
            onStartShouldSetResponder={[Function]}
            style={
              Object {
                "alignItems": "center",
                "height": 32,
                "opacity": 1,
                "width": 32,
              }
            }
          >
            <Text
              accessible={true}
              allowFontScaling={false}
              ellipsizeMode="tail"
              style={
                Array [
                  Object {
                    "backgroundColor": "rgba(255, 255, 255, 0)",
                    "color": "#2d4150",
                    "fontFamily": "System",
                    "fontSize": 16,
                    "fontWeight": "300",
                    "marginTop": 6,
                  },
                ]
              }
            >
              31
            </Text>
          </View>
        </View>
        <View
          style={
            Object {
              "flex": 1,
            }
          }
        />
        <View
          style={
            Object {
              "flex": 1,
            }
          }
        />
        <View
          style={
            Object {
              "flex": 1,
            }
          }
        />
        <View
          style={
            Object {
              "flex": 1,
            }
          }
        />
      </View>
    </View>
  </View>
</View>
`;
