// Jest Snapshot v1, https://goo.gl/fbAQLP

exports[`renders correctly 1`] = `
<View
  style={
    Object {
      "flex": 1,
    }
  }
>
  <View
    style={
      Object {
        "alignItems": "center",
        "backgroundColor": "magenta",
        "borderBottomColor": "#ddd",
        "borderBottomWidth": 10,
        "justifyContent": "center",
      }
    }
  >
    // A header to indicate what the page is showing.
    <Text
      accessible={true}
      allowFontScaling={true}
      ellipsizeMode="tail"
      style={
        Object {
          "color": "white",
          "fontSize": 18,
          "padding": 26,
        }
      }
    >
       - NOTATER - 
    </Text>
  </View>
  // A container that allows the user to have more notes than the screen can show.
  <View
    style={
      Object {
        "bottom": 0,
        "left": 0,
        "position": "absolute",
        "right": 0,
        "zIndex": 10,
      }
    }
  >
    //input field for text to be written to notes. Includes a placeholder to show where to tap.
    <TextInput
      allowFontScaling={true}
      onChangeText={[Function]}
      placeholder="            note"
      placeholderTextColor="black"
      styke={
        Object {
          "alignSelf": "stretch",
          "backgroundColor": "#fff",
          "borderTopColor": "#ededed",
          "borderTopWidth": 50,
          "bottom": 70,
          "color": "#fff",
          "padding": 20,
        }
      }
      underlineColorAndroid="transparent"
      value=""
    />
  </View>
  //Adds new notes and saves data every time a new note is made.
  <View
    accessible={true}
    isTVSelectable={true}
    onResponderGrant={[Function]}
    onResponderMove={[Function]}
    onResponderRelease={[Function]}
    onResponderTerminate={[Function]}
    onResponderTerminationRequest={[Function]}
    onStartShouldSetResponder={[Function]}
    style={
      Object {
        "alignItems": "center",
        "backgroundColor": "#E91E63",
        "borderRadius": 50,
        "bottom": 90,
        "elevation": 8,
        "height": 70,
        "justifyContent": "center",
        "opacity": 1,
        "position": "absolute",
        "right": 20,
        "width": 70,
        "zIndex": 11,
      }
    }
  >
    //Button to indicate how to save a note.
    <Text
      accessible={true}
      allowFontScaling={true}
      ellipsizeMode="tail"
      style={
        Object {
          "color": "#fff",
          "fontSize": 40,
        }
      }
    >
      +
    </Text>
  </View>
</View>
`;
